[onnxEmbedding] Using dml EP (available: cpu, dml, webgpu)
[doctrinal] safetyist: 3/133 Beliefs anchored, 3 floor-applied
[doctrinal] skeptic: 20/204 Beliefs anchored, 5 floor-applied
[onnxEmbedding] Model loaded in 40081ms (384d, quantized, EP=dml)
[ai-adapter] ONNX embedding ready — subprocess cold-starts eliminated
[orchestration] *** executeTurnWithRetry ENTERED for accelerationist round 1 ***
[pipeline] Brief ID removed (unknown): pol-1000
[pipeline] Citation bank built: 15 scoped / 421 full entries, path=bank-scrub (intended=B), 7ms
[pipeline] Micro-fix(specificity) diff-check failed — falling through to full retry
[pipeline] Draft validation feedback (attempt 0), retrying: my_claims are all abstract — include a number, named entity, or timeline. Use the source evidence if provided.
[pipeline] Draft field-level merge: froze statement, turn_symbols, commitment, position_update, regenerated claim_sketches
[pipeline] Draft quality pre-check failed: Lacks specific data points or named entities to support economic claims.
[pipeline] Draft quality retry produced new draft
[orchestration] *** executeTurnWithRetry ENTERED for safetyist round 2 ***
[pipeline] Citation bank built: 15 scoped / 421 full entries, path=bank-scrub (intended=B), 5ms
[pipeline] Micro-fix(specificity) re-validation failed — falling through to full retry
[pipeline] Draft validation feedback (attempt 0), retrying: my_claims are all abstract — include a number, named entity, or timeline. Use the source evidence if provided.
[pipeline] Draft field-level merge: froze statement, turn_symbols, commitment, position_update, regenerated claim_sketches
[orchestration] *** executeTurnWithRetry ENTERED for skeptic round 3 ***
[pipeline] Citation bank built: 15 scoped / 421 full entries, path=bank-scrub (intended=B), 9ms
[orchestration] *** executeTurnWithRetry ENTERED for accelerationist round 4 ***
[pipeline] Citation bank built: 15 scoped / 421 full entries, path=bank-scrub (intended=B), 4ms
[pipeline] Micro-fix(specificity) re-validation failed — falling through to full retry
[pipeline] Draft validation feedback (attempt 0), retrying: my_claims are all abstract — include a number, named entity, or timeline. Use the source evidence if provided.
[pipeline] Draft field-level merge: froze statement, turn_symbols, commitment, position_update, regenerated claim_sketches
{
  "success": true,
  "debateId": "ecb32d3a-450e-49c1-888e-71020f2c0402",
  "name": "As AI automates cognitive labor, should policy prioritize...",
  "slug": "exp-phase2-labor-policy-expensive",
  "topic": "As AI automates cognitive labor, should policy prioritize redistributive mechanisms (UBI, robot taxes) or transition mechanisms (retraining, wage insurance), and through what pathways does each reshape the incentives of firms, displaced workers, and innovators — given the tension between cushioning disruption and preserving economic dynamism?",
  "files": {
    "debate": "C:\\Users\\jsnov\\repos\\ai-triad-data\\debates\\cli-runs\\exp-phase2-labor-policy-expensive-debate.json",
    "transcript": "C:\\Users\\jsnov\\repos\\ai-triad-data\\debates\\cli-runs\\exp-phase2-labor-policy-expensive-debate.json",
    "diagnostics": "C:\\Users\\jsnov\\repos\\ai-triad-data\\debates\\cli-runs\\exp-phase2-labor-policy-expensive-diagnostics.json",
    "harvest": "C:\\Users\\jsnov\\repos\\ai-triad-data\\debates\\cli-runs\\exp-phase2-labor-policy-expensive-harvest.json",
    "markdown": "C:\\Users\\jsnov\\repos\\ai-triad-data\\debates\\cli-runs\\exp-phase2-labor-policy-expensive-debate.md"
  },
  "stats": {
    "rounds": 4,
    "entries": 24,
    "apiCalls": 88,
    "totalTimeMs": 2090547,
    "claimsAccepted": 33,
    "claimsRejected": 5
  }
}
