[10:29:32] START Phase-A: 30 new runs. WT=C:\tmp\wt-t2192-phaseA OUT=C:\tmp\t2192-phaseA-out
[10:29:32] ISOLATION test = debate_id membership in MAIN logs (line-count delta is confounded by other agents' concurrent debates on this shared machine — t/2192 smoke 2026-08-07).
[10:29:32] START 1/30 t2192-phaseA-conf1-01 (conf1,arg2,conc1)
[10:37:35] OK   t2192-phaseA-conf1-01 in 483s
[10:37:35] ISOLATION check after cell 1 (id=69f311a8-fd97-4726-8e89-eaf0240e08c2): MY-id rows in main logs = 0
[10:37:35] ISOLATION CONFIRMED: cell-1 rows stayed in the isolated outputDir. Proceeding.
[10:37:35] START 2/30 t2192-phaseA-conf3-01 (conf3,arg2,conc1)
[10:48:50] OK   t2192-phaseA-conf3-01 in 676s
[10:48:50] START 3/30 t2192-phaseA-conc1-01 (conf2,arg2,conc1)
[10:58:08] OK   t2192-phaseA-conc1-01 in 557s
[10:58:08] START 4/30 t2192-phaseA-conc2-01 (conf2,arg2,conc2)
[11:06:45] START Phase-A: 30 new runs. WT=C:\tmp\wt-t2192-phaseA OUT=C:\tmp\t2192-phaseA-out
[11:06:45] ISOLATION test = debate_id membership in MAIN logs (line-count delta is confounded by other agents' concurrent debates on this shared machine — t/2192 smoke 2026-08-07).
[11:06:45] SKIP t2192-phaseA-conf1-01 (harvest exists)
[11:06:45] SKIP t2192-phaseA-conf3-01 (harvest exists)
[11:06:45] SKIP t2192-phaseA-conc1-01 (harvest exists)
[11:06:45] SKIP t2192-phaseA-conc2-01 (harvest exists)
[11:06:45] START 5/30 t2192-phaseA-arg1-04 (conf2,arg1,conc1)
[11:08:47] START Phase-A: 30 new runs. WT=C:\tmp\wt-t2192-phaseA OUT=C:\tmp\t2192-phaseA-out
[11:08:47] ISOLATION test = debate_id membership in MAIN logs (line-count delta is confounded by other agents' concurrent debates on this shared machine — t/2192 smoke 2026-08-07).
[11:08:47] SKIP t2192-phaseA-conf1-01 (harvest exists)
[11:08:47] SKIP t2192-phaseA-conf3-01 (harvest exists)
[11:08:47] SKIP t2192-phaseA-conc1-01 (harvest exists)
[11:08:47] SKIP t2192-phaseA-conc2-01 (harvest exists)
[11:08:47] START 5/30 t2192-phaseA-arg1-04 (conf2,arg1,conc1)
[11:16:09] START Phase-A: 30 new runs. WT=C:\tmp\wt-t2192-phaseA OUT=C:\tmp\t2192-phaseA-out
[11:16:09] ISOLATION test = debate_id membership in MAIN logs (line-count delta is confounded by other agents' concurrent debates on this shared machine — t/2192 smoke 2026-08-07).
[11:16:09] SKIP t2192-phaseA-conf1-01 (harvest exists)
[11:16:09] SKIP t2192-phaseA-conf3-01 (harvest exists)
[11:16:09] SKIP t2192-phaseA-conc1-01 (harvest exists)
[11:16:09] SKIP t2192-phaseA-conc2-01 (harvest exists)
[11:16:09] START 5/30 t2192-phaseA-arg1-04 (conf2,arg1,conc1)
[11:24:49] OK   t2192-phaseA-arg1-04 in 521s
[11:24:50] ISOLATION check after cell 1 (id=2b4d1963-12e6-4cae-852c-a1dac221483c): MY-id rows in main logs = 0
[11:24:50] ISOLATION CONFIRMED: cell-1 rows stayed in the isolated outputDir. Proceeding.
[11:24:50] START 6/30 t2192-phaseA-arg4-04 (conf2,arg4,conc1)
[11:36:22] OK   t2192-phaseA-arg4-04 in 692s
[11:36:22] START 7/30 t2192-phaseA-conf1-02 (conf1,arg2,conc1)
[11:44:57] OK   t2192-phaseA-conf1-02 in 516s
[11:44:57] START 8/30 t2192-phaseA-conf3-02 (conf3,arg2,conc1)
[11:54:53] OK   t2192-phaseA-conf3-02 in 595s
[11:54:53] START 9/30 t2192-phaseA-conc1-02 (conf2,arg2,conc1)
[12:04:36] OK   t2192-phaseA-conc1-02 in 583s
[12:04:36] START 10/30 t2192-phaseA-conc2-02 (conf2,arg2,conc2)
[12:16:32] OK   t2192-phaseA-conc2-02 in 716s
[12:16:32] START 11/30 t2192-phaseA-arg1-05 (conf2,arg1,conc1)
[12:25:20] OK   t2192-phaseA-arg1-05 in 528s
[12:25:20] START 12/30 t2192-phaseA-arg4-05 (conf2,arg4,conc1)
[12:35:59] OK   t2192-phaseA-arg4-05 in 639s
[12:35:59] START 13/30 t2192-phaseA-conf1-03 (conf1,arg2,conc1)
[12:46:32] START Phase-A: 30 new runs. WT=C:\tmp\wt-t2192-phaseA OUT=C:\tmp\t2192-phaseA-out
[12:46:32] ISOLATION test = debate_id membership in MAIN logs (line-count delta is confounded by other agents' concurrent debates on this shared machine — t/2192 smoke 2026-08-07).
[12:46:32] SKIP t2192-phaseA-conf1-01 (harvest exists)
[12:46:32] SKIP t2192-phaseA-conf3-01 (harvest exists)
[12:46:32] SKIP t2192-phaseA-conc1-01 (harvest exists)
[12:46:32] SKIP t2192-phaseA-conc2-01 (harvest exists)
[12:46:32] SKIP t2192-phaseA-arg1-04 (harvest exists)
[12:46:32] SKIP t2192-phaseA-arg4-04 (harvest exists)
[12:46:32] SKIP t2192-phaseA-conf1-02 (harvest exists)
[12:46:32] SKIP t2192-phaseA-conf3-02 (harvest exists)
[12:46:32] SKIP t2192-phaseA-conc1-02 (harvest exists)
[12:46:32] SKIP t2192-phaseA-conc2-02 (harvest exists)
[12:46:32] SKIP t2192-phaseA-arg1-05 (harvest exists)
[12:46:32] SKIP t2192-phaseA-arg4-05 (harvest exists)
[12:46:32] START 13/30 t2192-phaseA-conf1-03 (conf1,arg2,conc1)
[12:49:15] START Phase-A: 30 new runs. WT=C:\tmp\wt-t2192-phaseA OUT=C:\tmp\t2192-phaseA-out
[12:49:15] ISOLATION test = debate_id membership in MAIN logs (line-count delta is confounded by other agents' concurrent debates on this shared machine — t/2192 smoke 2026-08-07).
[12:49:15] SKIP t2192-phaseA-conf1-01 (harvest exists)
[12:49:15] SKIP t2192-phaseA-conf3-01 (harvest exists)
[12:49:15] SKIP t2192-phaseA-conc1-01 (harvest exists)
[12:49:15] SKIP t2192-phaseA-conc2-01 (harvest exists)
[12:49:15] SKIP t2192-phaseA-arg1-04 (harvest exists)
[12:49:15] SKIP t2192-phaseA-arg4-04 (harvest exists)
[12:49:15] SKIP t2192-phaseA-conf1-02 (harvest exists)
[12:49:15] SKIP t2192-phaseA-conf3-02 (harvest exists)
[12:49:15] SKIP t2192-phaseA-conc1-02 (harvest exists)
[12:49:15] SKIP t2192-phaseA-conc2-02 (harvest exists)
[12:49:15] SKIP t2192-phaseA-arg1-05 (harvest exists)
[12:49:15] SKIP t2192-phaseA-arg4-05 (harvest exists)
[12:49:15] START 13/30 t2192-phaseA-conf1-03 (conf1,arg2,conc1)
[12:50:38] START Phase-A: 30 new runs. WT=C:\tmp\wt-t2192-phaseA OUT=C:\tmp\t2192-phaseA-out
[12:50:38] ISOLATION test = debate_id membership in MAIN logs (line-count delta is confounded by other agents' concurrent debates on this shared machine — t/2192 smoke 2026-08-07).
[12:50:38] SKIP t2192-phaseA-conf1-01 (harvest exists)
[12:50:38] SKIP t2192-phaseA-conf3-01 (harvest exists)
[12:50:38] SKIP t2192-phaseA-conc1-01 (harvest exists)
[12:50:38] SKIP t2192-phaseA-conc2-01 (harvest exists)
[12:50:38] SKIP t2192-phaseA-arg1-04 (harvest exists)
[12:50:38] SKIP t2192-phaseA-arg4-04 (harvest exists)
[12:50:38] SKIP t2192-phaseA-conf1-02 (harvest exists)
[12:50:38] SKIP t2192-phaseA-conf3-02 (harvest exists)
[12:50:38] SKIP t2192-phaseA-conc1-02 (harvest exists)
[12:50:38] SKIP t2192-phaseA-conc2-02 (harvest exists)
[12:50:38] SKIP t2192-phaseA-arg1-05 (harvest exists)
[12:50:38] SKIP t2192-phaseA-arg4-05 (harvest exists)
[12:50:38] START 13/30 t2192-phaseA-conf1-03 (conf1,arg2,conc1)
[12:59:02] OK   t2192-phaseA-conf1-03 in 504s
[12:59:03] ISOLATION check after cell 1 (id=28946816-bcf6-4a1b-bc25-caad7132762d): MY-id rows in main logs = 0
[12:59:03] ISOLATION CONFIRMED: cell-1 rows stayed in the isolated outputDir. Proceeding.
[12:59:03] START 14/30 t2192-phaseA-conf3-03 (conf3,arg2,conc1)
[13:09:21] OK   t2192-phaseA-conf3-03 in 618s
[13:09:21] START 15/30 t2192-phaseA-conc1-03 (conf2,arg2,conc1)
[13:18:47] OK   t2192-phaseA-conc1-03 in 567s
[13:18:47] START 16/30 t2192-phaseA-conc2-03 (conf2,arg2,conc2)
[13:29:40] OK   t2192-phaseA-conc2-03 in 652s
[13:29:40] START 17/30 t2192-phaseA-arg1-06 (conf2,arg1,conc1)
[13:33:35] START Phase-A: 30 new runs. WT=C:\tmp\wt-t2192-phaseA OUT=C:\tmp\t2192-phaseA-out
[13:33:35] ISOLATION test = debate_id membership in MAIN logs (line-count delta is confounded by other agents' concurrent debates on this shared machine — t/2192 smoke 2026-08-07).
[13:33:35] SKIP t2192-phaseA-conf1-01 (harvest exists)
[13:33:35] SKIP t2192-phaseA-conf3-01 (harvest exists)
[13:33:35] SKIP t2192-phaseA-conc1-01 (harvest exists)
[13:33:35] SKIP t2192-phaseA-conc2-01 (harvest exists)
[13:33:35] SKIP t2192-phaseA-arg1-04 (harvest exists)
[13:33:35] SKIP t2192-phaseA-arg4-04 (harvest exists)
[13:33:35] SKIP t2192-phaseA-conf1-02 (harvest exists)
[13:33:35] SKIP t2192-phaseA-conf3-02 (harvest exists)
[13:33:35] SKIP t2192-phaseA-conc1-02 (harvest exists)
[13:33:35] SKIP t2192-phaseA-conc2-02 (harvest exists)
[13:33:35] SKIP t2192-phaseA-arg1-05 (harvest exists)
[13:33:35] SKIP t2192-phaseA-arg4-05 (harvest exists)
[13:33:35] SKIP t2192-phaseA-conf1-03 (harvest exists)
[13:33:35] SKIP t2192-phaseA-conf3-03 (harvest exists)
[13:33:35] SKIP t2192-phaseA-conc1-03 (harvest exists)
[13:33:35] SKIP t2192-phaseA-conc2-03 (harvest exists)
[13:33:35] START 17/30 t2192-phaseA-arg1-06 (conf2,arg1,conc1)
[13:33:57] START Phase-A: 30 new runs. WT=C:\tmp\wt-t2192-phaseA OUT=C:\tmp\t2192-phaseA-out
[13:33:57] ISOLATION test = debate_id membership in MAIN logs (line-count delta is confounded by other agents' concurrent debates on this shared machine — t/2192 smoke 2026-08-07).
[13:33:57] SKIP t2192-phaseA-conf1-01 (harvest exists)
[13:33:57] SKIP t2192-phaseA-conf3-01 (harvest exists)
[13:33:57] SKIP t2192-phaseA-conc1-01 (harvest exists)
[13:33:57] SKIP t2192-phaseA-conc2-01 (harvest exists)
[13:33:57] SKIP t2192-phaseA-arg1-04 (harvest exists)
[13:33:57] SKIP t2192-phaseA-arg4-04 (harvest exists)
[13:33:57] SKIP t2192-phaseA-conf1-02 (harvest exists)
[13:33:57] SKIP t2192-phaseA-conf3-02 (harvest exists)
[13:33:57] SKIP t2192-phaseA-conc1-02 (harvest exists)
[13:33:57] SKIP t2192-phaseA-conc2-02 (harvest exists)
[13:33:57] SKIP t2192-phaseA-arg1-05 (harvest exists)
[13:33:57] SKIP t2192-phaseA-arg4-05 (harvest exists)
[13:33:57] SKIP t2192-phaseA-conf1-03 (harvest exists)
[13:33:57] SKIP t2192-phaseA-conf3-03 (harvest exists)
[13:33:57] SKIP t2192-phaseA-conc1-03 (harvest exists)
[13:33:57] SKIP t2192-phaseA-conc2-03 (harvest exists)
[13:33:57] START 17/30 t2192-phaseA-arg1-06 (conf2,arg1,conc1)
[13:41:31] START Phase-A: 30 new runs. WT=C:\tmp\wt-t2192-phaseA OUT=C:\tmp\t2192-phaseA-out
[13:41:31] ISOLATION test = debate_id membership in MAIN logs (line-count delta is confounded by other agents' concurrent debates on this shared machine — t/2192 smoke 2026-08-07).
[13:41:31] SKIP t2192-phaseA-conf1-01 (harvest exists)
[13:41:31] SKIP t2192-phaseA-conf3-01 (harvest exists)
[13:41:31] SKIP t2192-phaseA-conc1-01 (harvest exists)
[13:41:31] SKIP t2192-phaseA-conc2-01 (harvest exists)
[13:41:31] SKIP t2192-phaseA-arg1-04 (harvest exists)
[13:41:31] SKIP t2192-phaseA-arg4-04 (harvest exists)
[13:41:31] SKIP t2192-phaseA-conf1-02 (harvest exists)
[13:41:31] SKIP t2192-phaseA-conf3-02 (harvest exists)
[13:41:31] SKIP t2192-phaseA-conc1-02 (harvest exists)
[13:41:31] SKIP t2192-phaseA-conc2-02 (harvest exists)
[13:41:31] SKIP t2192-phaseA-arg1-05 (harvest exists)
[13:41:31] SKIP t2192-phaseA-arg4-05 (harvest exists)
[13:41:31] SKIP t2192-phaseA-conf1-03 (harvest exists)
[13:41:31] SKIP t2192-phaseA-conf3-03 (harvest exists)
[13:41:31] SKIP t2192-phaseA-conc1-03 (harvest exists)
[13:41:31] SKIP t2192-phaseA-conc2-03 (harvest exists)
[13:41:31] START 17/30 t2192-phaseA-arg1-06 (conf2,arg1,conc1)
[15:10:01] START Phase-A: 30 new runs. WT=C:\tmp\wt-t2192-phaseA OUT=C:\tmp\t2192-phaseA-out
[15:10:01] ISOLATION test = debate_id membership in MAIN logs (line-count delta is confounded by other agents' concurrent debates on this shared machine — t/2192 smoke 2026-08-07).
[15:10:01] SKIP t2192-phaseA-conf1-01 (harvest exists)
[15:10:01] SKIP t2192-phaseA-conf3-01 (harvest exists)
[15:10:01] SKIP t2192-phaseA-conc1-01 (harvest exists)
[15:10:01] SKIP t2192-phaseA-conc2-01 (harvest exists)
[15:10:01] SKIP t2192-phaseA-arg1-04 (harvest exists)
[15:10:01] SKIP t2192-phaseA-arg4-04 (harvest exists)
[15:10:01] SKIP t2192-phaseA-conf1-02 (harvest exists)
[15:10:01] SKIP t2192-phaseA-conf3-02 (harvest exists)
[15:10:01] SKIP t2192-phaseA-conc1-02 (harvest exists)
[15:10:01] SKIP t2192-phaseA-conc2-02 (harvest exists)
[15:10:01] SKIP t2192-phaseA-arg1-05 (harvest exists)
[15:10:01] SKIP t2192-phaseA-arg4-05 (harvest exists)
[15:10:01] SKIP t2192-phaseA-conf1-03 (harvest exists)
[15:10:01] SKIP t2192-phaseA-conf3-03 (harvest exists)
[15:10:01] SKIP t2192-phaseA-conc1-03 (harvest exists)
[15:10:01] SKIP t2192-phaseA-conc2-03 (harvest exists)
[15:10:01] START 17/30 t2192-phaseA-arg1-06 (conf2,arg1,conc1)
[15:18:17] OK   t2192-phaseA-arg1-06 in 496s
[15:18:18] ISOLATION check after cell 1 (id=edbb552f-2d39-4709-a70e-cf654fa3b2d8): MY-id rows in main logs = 0
[15:18:18] ISOLATION CONFIRMED: cell-1 rows stayed in the isolated outputDir. Proceeding.
[15:18:18] START 18/30 t2192-phaseA-arg4-06 (conf2,arg4,conc1)
[15:29:26] OK   t2192-phaseA-arg4-06 in 669s
[15:29:26] START 19/30 t2192-phaseA-conf1-04 (conf1,arg2,conc1)
[15:38:07] OK   t2192-phaseA-conf1-04 in 521s
[15:38:07] START 20/30 t2192-phaseA-conf3-04 (conf3,arg2,conc1)
[15:40:11] START Phase-A: 30 new runs. WT=C:\tmp\wt-t2192-phaseA OUT=C:\tmp\t2192-phaseA-out
[15:40:11] ISOLATION test = debate_id membership in MAIN logs (line-count delta is confounded by other agents' concurrent debates on this shared machine — t/2192 smoke 2026-08-07).
[15:40:11] SKIP t2192-phaseA-conf1-01 (harvest exists)
[15:40:11] SKIP t2192-phaseA-conf3-01 (harvest exists)
[15:40:11] SKIP t2192-phaseA-conc1-01 (harvest exists)
[15:40:11] SKIP t2192-phaseA-conc2-01 (harvest exists)
[15:40:11] SKIP t2192-phaseA-arg1-04 (harvest exists)
[15:40:11] SKIP t2192-phaseA-arg4-04 (harvest exists)
[15:40:11] SKIP t2192-phaseA-conf1-02 (harvest exists)
[15:40:11] SKIP t2192-phaseA-conf3-02 (harvest exists)
[15:40:11] SKIP t2192-phaseA-conc1-02 (harvest exists)
[15:40:11] SKIP t2192-phaseA-conc2-02 (harvest exists)
[15:40:11] SKIP t2192-phaseA-arg1-05 (harvest exists)
[15:40:11] SKIP t2192-phaseA-arg4-05 (harvest exists)
[15:40:11] SKIP t2192-phaseA-conf1-03 (harvest exists)
[15:40:11] SKIP t2192-phaseA-conf3-03 (harvest exists)
[15:40:11] SKIP t2192-phaseA-conc1-03 (harvest exists)
[15:40:11] SKIP t2192-phaseA-conc2-03 (harvest exists)
[15:40:11] SKIP t2192-phaseA-arg1-06 (harvest exists)
[15:40:11] SKIP t2192-phaseA-arg4-06 (harvest exists)
[15:40:11] SKIP t2192-phaseA-conf1-04 (harvest exists)
[15:40:11] START 20/30 t2192-phaseA-conf3-04 (conf3,arg2,conc1)
[15:49:21] START Phase-A: 30 new runs. WT=C:\tmp\wt-t2192-phaseA OUT=C:\tmp\t2192-phaseA-out
[15:49:21] ISOLATION test = debate_id membership in MAIN logs (line-count delta is confounded by other agents' concurrent debates on this shared machine — t/2192 smoke 2026-08-07).
[15:49:21] SKIP t2192-phaseA-conf1-01 (harvest exists)
[15:49:21] SKIP t2192-phaseA-conf3-01 (harvest exists)
[15:49:21] SKIP t2192-phaseA-conc1-01 (harvest exists)
[15:49:21] SKIP t2192-phaseA-conc2-01 (harvest exists)
[15:49:21] SKIP t2192-phaseA-arg1-04 (harvest exists)
[15:49:21] SKIP t2192-phaseA-arg4-04 (harvest exists)
[15:49:21] SKIP t2192-phaseA-conf1-02 (harvest exists)
[15:49:21] SKIP t2192-phaseA-conf3-02 (harvest exists)
[15:49:21] SKIP t2192-phaseA-conc1-02 (harvest exists)
[15:49:21] SKIP t2192-phaseA-conc2-02 (harvest exists)
[15:49:21] SKIP t2192-phaseA-arg1-05 (harvest exists)
[15:49:21] SKIP t2192-phaseA-arg4-05 (harvest exists)
[15:49:21] SKIP t2192-phaseA-conf1-03 (harvest exists)
[15:49:21] SKIP t2192-phaseA-conf3-03 (harvest exists)
[15:49:21] SKIP t2192-phaseA-conc1-03 (harvest exists)
[15:49:21] SKIP t2192-phaseA-conc2-03 (harvest exists)
[15:49:21] SKIP t2192-phaseA-arg1-06 (harvest exists)
[15:49:21] SKIP t2192-phaseA-arg4-06 (harvest exists)
[15:49:21] SKIP t2192-phaseA-conf1-04 (harvest exists)
[15:49:21] START 20/30 t2192-phaseA-conf3-04 (conf3,arg2,conc1)
[15:58:18] START Phase-A: 30 new runs. WT=C:\tmp\wt-t2192-phaseA OUT=C:\tmp\t2192-phaseA-out
[15:58:18] ISOLATION test = debate_id membership in MAIN logs (line-count delta is confounded by other agents' concurrent debates on this shared machine — t/2192 smoke 2026-08-07).
[15:58:18] SKIP t2192-phaseA-conf1-01 (harvest exists)
[15:58:18] SKIP t2192-phaseA-conf3-01 (harvest exists)
[15:58:18] SKIP t2192-phaseA-conc1-01 (harvest exists)
[15:58:18] SKIP t2192-phaseA-conc2-01 (harvest exists)
[15:58:18] SKIP t2192-phaseA-arg1-04 (harvest exists)
[15:58:18] SKIP t2192-phaseA-arg4-04 (harvest exists)
[15:58:18] SKIP t2192-phaseA-conf1-02 (harvest exists)
[15:58:18] SKIP t2192-phaseA-conf3-02 (harvest exists)
[15:58:18] SKIP t2192-phaseA-conc1-02 (harvest exists)
[15:58:18] SKIP t2192-phaseA-conc2-02 (harvest exists)
[15:58:18] SKIP t2192-phaseA-arg1-05 (harvest exists)
[15:58:18] SKIP t2192-phaseA-arg4-05 (harvest exists)
[15:58:18] SKIP t2192-phaseA-conf1-03 (harvest exists)
[15:58:18] SKIP t2192-phaseA-conf3-03 (harvest exists)
[15:58:18] SKIP t2192-phaseA-conc1-03 (harvest exists)
[15:58:18] SKIP t2192-phaseA-conc2-03 (harvest exists)
[15:58:18] SKIP t2192-phaseA-arg1-06 (harvest exists)
[15:58:18] SKIP t2192-phaseA-arg4-06 (harvest exists)
[15:58:18] SKIP t2192-phaseA-conf1-04 (harvest exists)
[15:58:18] START 20/30 t2192-phaseA-conf3-04 (conf3,arg2,conc1)
[16:08:25] OK   t2192-phaseA-conf3-04 in 606s
[16:08:26] ISOLATION check after cell 1 (id=7f789040-c412-4f61-945c-2fae28cc4b1f): MY-id rows in main logs = 0
[16:08:26] ISOLATION CONFIRMED: cell-1 rows stayed in the isolated outputDir. Proceeding.
[16:08:26] START 21/30 t2192-phaseA-conc1-04 (conf2,arg2,conc1)
[16:18:50] OK   t2192-phaseA-conc1-04 in 624s
[16:18:50] START 22/30 t2192-phaseA-conc2-04 (conf2,arg2,conc2)
[16:29:02] OK   t2192-phaseA-conc2-04 in 612s
[16:29:02] START 23/30 t2192-phaseA-conf1-05 (conf1,arg2,conc1)
[16:32:20] START Phase-A: 30 new runs. WT=C:\tmp\wt-t2192-phaseA OUT=C:\tmp\t2192-phaseA-out
[16:32:20] ISOLATION test = debate_id membership in MAIN logs (line-count delta is confounded by other agents' concurrent debates on this shared machine — t/2192 smoke 2026-08-07).
[16:32:20] SKIP t2192-phaseA-conf1-01 (harvest exists)
[16:32:20] SKIP t2192-phaseA-conf3-01 (harvest exists)
[16:32:20] SKIP t2192-phaseA-conc1-01 (harvest exists)
[16:32:20] SKIP t2192-phaseA-conc2-01 (harvest exists)
[16:32:20] SKIP t2192-phaseA-arg1-04 (harvest exists)
[16:32:20] SKIP t2192-phaseA-arg4-04 (harvest exists)
[16:32:20] SKIP t2192-phaseA-conf1-02 (harvest exists)
[16:32:20] SKIP t2192-phaseA-conf3-02 (harvest exists)
[16:32:20] SKIP t2192-phaseA-conc1-02 (harvest exists)
[16:32:20] SKIP t2192-phaseA-conc2-02 (harvest exists)
[16:32:20] SKIP t2192-phaseA-arg1-05 (harvest exists)
[16:32:20] SKIP t2192-phaseA-arg4-05 (harvest exists)
[16:32:20] SKIP t2192-phaseA-conf1-03 (harvest exists)
[16:32:20] SKIP t2192-phaseA-conf3-03 (harvest exists)
[16:32:20] SKIP t2192-phaseA-conc1-03 (harvest exists)
[16:32:20] SKIP t2192-phaseA-conc2-03 (harvest exists)
[16:32:20] SKIP t2192-phaseA-arg1-06 (harvest exists)
[16:32:20] SKIP t2192-phaseA-arg4-06 (harvest exists)
[16:32:20] SKIP t2192-phaseA-conf1-04 (harvest exists)
[16:32:20] SKIP t2192-phaseA-conf3-04 (harvest exists)
[16:32:20] SKIP t2192-phaseA-conc1-04 (harvest exists)
[16:32:20] SKIP t2192-phaseA-conc2-04 (harvest exists)
[16:32:20] START 23/30 t2192-phaseA-conf1-05 (conf1,arg2,conc1)
[16:41:17] START Phase-A: 30 new runs. WT=C:\tmp\wt-t2192-phaseA OUT=C:\tmp\t2192-phaseA-out
[16:41:17] ISOLATION test = debate_id membership in MAIN logs (line-count delta is confounded by other agents' concurrent debates on this shared machine — t/2192 smoke 2026-08-07).
[16:41:17] SKIP t2192-phaseA-conf1-01 (harvest exists)
[16:41:17] SKIP t2192-phaseA-conf3-01 (harvest exists)
[16:41:17] SKIP t2192-phaseA-conc1-01 (harvest exists)
[16:41:17] SKIP t2192-phaseA-conc2-01 (harvest exists)
[16:41:17] SKIP t2192-phaseA-arg1-04 (harvest exists)
[16:41:17] SKIP t2192-phaseA-arg4-04 (harvest exists)
[16:41:17] SKIP t2192-phaseA-conf1-02 (harvest exists)
[16:41:17] SKIP t2192-phaseA-conf3-02 (harvest exists)
[16:41:17] SKIP t2192-phaseA-conc1-02 (harvest exists)
[16:41:17] SKIP t2192-phaseA-conc2-02 (harvest exists)
[16:41:17] SKIP t2192-phaseA-arg1-05 (harvest exists)
[16:41:17] SKIP t2192-phaseA-arg4-05 (harvest exists)
[16:41:17] SKIP t2192-phaseA-conf1-03 (harvest exists)
[16:41:17] SKIP t2192-phaseA-conf3-03 (harvest exists)
[16:41:17] SKIP t2192-phaseA-conc1-03 (harvest exists)
[16:41:17] SKIP t2192-phaseA-conc2-03 (harvest exists)
[16:41:17] SKIP t2192-phaseA-arg1-06 (harvest exists)
[16:41:17] SKIP t2192-phaseA-arg4-06 (harvest exists)
[16:41:17] SKIP t2192-phaseA-conf1-04 (harvest exists)
[16:41:17] SKIP t2192-phaseA-conf3-04 (harvest exists)
[16:41:17] SKIP t2192-phaseA-conc1-04 (harvest exists)
[16:41:17] SKIP t2192-phaseA-conc2-04 (harvest exists)
[16:41:17] START 23/30 t2192-phaseA-conf1-05 (conf1,arg2,conc1)
[16:51:17] START Phase-A: 30 new runs. WT=C:\tmp\wt-t2192-phaseA OUT=C:\tmp\t2192-phaseA-out
[16:51:17] ISOLATION test = debate_id membership in MAIN logs (line-count delta is confounded by other agents' concurrent debates on this shared machine — t/2192 smoke 2026-08-07).
[16:51:17] SKIP t2192-phaseA-conf1-01 (harvest exists)
[16:51:17] SKIP t2192-phaseA-conf3-01 (harvest exists)
[16:51:17] SKIP t2192-phaseA-conc1-01 (harvest exists)
[16:51:17] SKIP t2192-phaseA-conc2-01 (harvest exists)
[16:51:17] SKIP t2192-phaseA-arg1-04 (harvest exists)
[16:51:17] SKIP t2192-phaseA-arg4-04 (harvest exists)
[16:51:17] SKIP t2192-phaseA-conf1-02 (harvest exists)
[16:51:17] SKIP t2192-phaseA-conf3-02 (harvest exists)
[16:51:17] SKIP t2192-phaseA-conc1-02 (harvest exists)
[16:51:17] SKIP t2192-phaseA-conc2-02 (harvest exists)
[16:51:17] SKIP t2192-phaseA-arg1-05 (harvest exists)
[16:51:17] SKIP t2192-phaseA-arg4-05 (harvest exists)
[16:51:17] SKIP t2192-phaseA-conf1-03 (harvest exists)
[16:51:17] SKIP t2192-phaseA-conf3-03 (harvest exists)
[16:51:17] SKIP t2192-phaseA-conc1-03 (harvest exists)
[16:51:17] SKIP t2192-phaseA-conc2-03 (harvest exists)
[16:51:17] SKIP t2192-phaseA-arg1-06 (harvest exists)
[16:51:17] SKIP t2192-phaseA-arg4-06 (harvest exists)
[16:51:17] SKIP t2192-phaseA-conf1-04 (harvest exists)
[16:51:17] SKIP t2192-phaseA-conf3-04 (harvest exists)
[16:51:17] SKIP t2192-phaseA-conc1-04 (harvest exists)
[16:51:17] SKIP t2192-phaseA-conc2-04 (harvest exists)
[16:51:17] START 23/30 t2192-phaseA-conf1-05 (conf1,arg2,conc1)
[17:01:20] START Phase-A: 30 new runs. WT=C:\tmp\wt-t2192-phaseA OUT=C:\tmp\t2192-phaseA-out
[17:01:20] ISOLATION test = debate_id membership in MAIN logs (line-count delta is confounded by other agents' concurrent debates on this shared machine — t/2192 smoke 2026-08-07).
[17:01:20] SKIP t2192-phaseA-conf1-01 (harvest exists)
[17:01:20] SKIP t2192-phaseA-conf3-01 (harvest exists)
[17:01:20] SKIP t2192-phaseA-conc1-01 (harvest exists)
[17:01:20] SKIP t2192-phaseA-conc2-01 (harvest exists)
[17:01:20] SKIP t2192-phaseA-arg1-04 (harvest exists)
[17:01:20] SKIP t2192-phaseA-arg4-04 (harvest exists)
[17:01:20] SKIP t2192-phaseA-conf1-02 (harvest exists)
[17:01:20] SKIP t2192-phaseA-conf3-02 (harvest exists)
[17:01:20] SKIP t2192-phaseA-conc1-02 (harvest exists)
[17:01:20] SKIP t2192-phaseA-conc2-02 (harvest exists)
[17:01:20] SKIP t2192-phaseA-arg1-05 (harvest exists)
[17:01:20] SKIP t2192-phaseA-arg4-05 (harvest exists)
[17:01:20] SKIP t2192-phaseA-conf1-03 (harvest exists)
[17:01:20] SKIP t2192-phaseA-conf3-03 (harvest exists)
[17:01:20] SKIP t2192-phaseA-conc1-03 (harvest exists)
[17:01:20] SKIP t2192-phaseA-conc2-03 (harvest exists)
[17:01:20] SKIP t2192-phaseA-arg1-06 (harvest exists)
[17:01:20] SKIP t2192-phaseA-arg4-06 (harvest exists)
[17:01:20] SKIP t2192-phaseA-conf1-04 (harvest exists)
[17:01:20] SKIP t2192-phaseA-conf3-04 (harvest exists)
[17:01:20] SKIP t2192-phaseA-conc1-04 (harvest exists)
[17:01:20] SKIP t2192-phaseA-conc2-04 (harvest exists)
[17:01:20] START 23/30 t2192-phaseA-conf1-05 (conf1,arg2,conc1)
[17:11:31] START Phase-A: 30 new runs. WT=C:\tmp\wt-t2192-phaseA OUT=C:\tmp\t2192-phaseA-out
[17:11:31] ISOLATION test = debate_id membership in MAIN logs (line-count delta is confounded by other agents' concurrent debates on this shared machine — t/2192 smoke 2026-08-07).
[17:11:31] SKIP t2192-phaseA-conf1-01 (harvest exists)
[17:11:31] SKIP t2192-phaseA-conf3-01 (harvest exists)
[17:11:31] SKIP t2192-phaseA-conc1-01 (harvest exists)
[17:11:31] SKIP t2192-phaseA-conc2-01 (harvest exists)
[17:11:31] SKIP t2192-phaseA-arg1-04 (harvest exists)
[17:11:31] SKIP t2192-phaseA-arg4-04 (harvest exists)
[17:11:31] SKIP t2192-phaseA-conf1-02 (harvest exists)
[17:11:31] SKIP t2192-phaseA-conf3-02 (harvest exists)
[17:11:31] SKIP t2192-phaseA-conc1-02 (harvest exists)
[17:11:31] SKIP t2192-phaseA-conc2-02 (harvest exists)
[17:11:31] SKIP t2192-phaseA-arg1-05 (harvest exists)
[17:11:31] SKIP t2192-phaseA-arg4-05 (harvest exists)
[17:11:31] SKIP t2192-phaseA-conf1-03 (harvest exists)
[17:11:31] SKIP t2192-phaseA-conf3-03 (harvest exists)
[17:11:31] SKIP t2192-phaseA-conc1-03 (harvest exists)
[17:11:31] SKIP t2192-phaseA-conc2-03 (harvest exists)
[17:11:31] SKIP t2192-phaseA-arg1-06 (harvest exists)
[17:11:31] SKIP t2192-phaseA-arg4-06 (harvest exists)
[17:11:31] SKIP t2192-phaseA-conf1-04 (harvest exists)
[17:11:31] SKIP t2192-phaseA-conf3-04 (harvest exists)
[17:11:31] SKIP t2192-phaseA-conc1-04 (harvest exists)
[17:11:31] SKIP t2192-phaseA-conc2-04 (harvest exists)
[17:11:31] START 23/30 t2192-phaseA-conf1-05 (conf1,arg2,conc1)
[17:21:36] START Phase-A: 30 new runs. WT=C:\tmp\wt-t2192-phaseA OUT=C:\tmp\t2192-phaseA-out
[17:21:36] ISOLATION test = debate_id membership in MAIN logs (line-count delta is confounded by other agents' concurrent debates on this shared machine — t/2192 smoke 2026-08-07).
[17:21:36] SKIP t2192-phaseA-conf1-01 (harvest exists)
[17:21:36] SKIP t2192-phaseA-conf3-01 (harvest exists)
[17:21:36] SKIP t2192-phaseA-conc1-01 (harvest exists)
[17:21:36] SKIP t2192-phaseA-conc2-01 (harvest exists)
[17:21:36] SKIP t2192-phaseA-arg1-04 (harvest exists)
[17:21:36] SKIP t2192-phaseA-arg4-04 (harvest exists)
[17:21:36] SKIP t2192-phaseA-conf1-02 (harvest exists)
[17:21:36] SKIP t2192-phaseA-conf3-02 (harvest exists)
[17:21:36] SKIP t2192-phaseA-conc1-02 (harvest exists)
[17:21:36] SKIP t2192-phaseA-conc2-02 (harvest exists)
[17:21:36] SKIP t2192-phaseA-arg1-05 (harvest exists)
[17:21:36] SKIP t2192-phaseA-arg4-05 (harvest exists)
[17:21:36] SKIP t2192-phaseA-conf1-03 (harvest exists)
[17:21:36] SKIP t2192-phaseA-conf3-03 (harvest exists)
[17:21:36] SKIP t2192-phaseA-conc1-03 (harvest exists)
[17:21:36] SKIP t2192-phaseA-conc2-03 (harvest exists)
[17:21:36] SKIP t2192-phaseA-arg1-06 (harvest exists)
[17:21:36] SKIP t2192-phaseA-arg4-06 (harvest exists)
[17:21:36] SKIP t2192-phaseA-conf1-04 (harvest exists)
[17:21:36] SKIP t2192-phaseA-conf3-04 (harvest exists)
[17:21:36] SKIP t2192-phaseA-conc1-04 (harvest exists)
[17:21:36] SKIP t2192-phaseA-conc2-04 (harvest exists)
[17:21:36] START 23/30 t2192-phaseA-conf1-05 (conf1,arg2,conc1)
[17:22:39] START Phase-A: 30 new runs. WT=C:\tmp\wt-t2192-phaseA OUT=C:\tmp\t2192-phaseA-out
[17:22:39] ISOLATION test = debate_id membership in MAIN logs (line-count delta is confounded by other agents' concurrent debates on this shared machine — t/2192 smoke 2026-08-07).
[17:22:39] SKIP t2192-phaseA-conf1-01 (harvest exists)
[17:22:39] SKIP t2192-phaseA-conf3-01 (harvest exists)
[17:22:39] SKIP t2192-phaseA-conc1-01 (harvest exists)
[17:22:39] SKIP t2192-phaseA-conc2-01 (harvest exists)
[17:22:39] SKIP t2192-phaseA-arg1-04 (harvest exists)
[17:22:39] SKIP t2192-phaseA-arg4-04 (harvest exists)
[17:22:39] SKIP t2192-phaseA-conf1-02 (harvest exists)
[17:22:39] SKIP t2192-phaseA-conf3-02 (harvest exists)
[17:22:39] SKIP t2192-phaseA-conc1-02 (harvest exists)
[17:22:39] SKIP t2192-phaseA-conc2-02 (harvest exists)
[17:22:39] SKIP t2192-phaseA-arg1-05 (harvest exists)
[17:22:39] SKIP t2192-phaseA-arg4-05 (harvest exists)
[17:22:39] SKIP t2192-phaseA-conf1-03 (harvest exists)
[17:22:39] SKIP t2192-phaseA-conf3-03 (harvest exists)
[17:22:39] SKIP t2192-phaseA-conc1-03 (harvest exists)
[17:22:39] SKIP t2192-phaseA-conc2-03 (harvest exists)
[17:22:39] SKIP t2192-phaseA-arg1-06 (harvest exists)
[17:22:39] SKIP t2192-phaseA-arg4-06 (harvest exists)
[17:22:39] SKIP t2192-phaseA-conf1-04 (harvest exists)
[17:22:39] SKIP t2192-phaseA-conf3-04 (harvest exists)
[17:22:39] SKIP t2192-phaseA-conc1-04 (harvest exists)
[17:22:39] SKIP t2192-phaseA-conc2-04 (harvest exists)
[17:22:39] START 23/30 t2192-phaseA-conf1-05 (conf1,arg2,conc1)
[17:37:27] START Phase-A: 30 new runs. WT=C:\tmp\wt-t2192-phaseA OUT=C:\tmp\t2192-phaseA-out
[17:37:27] ISOLATION test = debate_id membership in MAIN logs (line-count delta is confounded by other agents' concurrent debates on this shared machine — t/2192 smoke 2026-08-07).
[17:37:27] SKIP t2192-phaseA-conf1-01 (harvest exists)
[17:37:27] SKIP t2192-phaseA-conf3-01 (harvest exists)
[17:37:27] SKIP t2192-phaseA-conc1-01 (harvest exists)
[17:37:27] SKIP t2192-phaseA-conc2-01 (harvest exists)
[17:37:27] SKIP t2192-phaseA-arg1-04 (harvest exists)
[17:37:27] SKIP t2192-phaseA-arg4-04 (harvest exists)
[17:37:27] SKIP t2192-phaseA-conf1-02 (harvest exists)
[17:37:27] SKIP t2192-phaseA-conf3-02 (harvest exists)
[17:37:27] SKIP t2192-phaseA-conc1-02 (harvest exists)
[17:37:27] SKIP t2192-phaseA-conc2-02 (harvest exists)
[17:37:27] SKIP t2192-phaseA-arg1-05 (harvest exists)
[17:37:27] SKIP t2192-phaseA-arg4-05 (harvest exists)
[17:37:27] SKIP t2192-phaseA-conf1-03 (harvest exists)
[17:37:27] SKIP t2192-phaseA-conf3-03 (harvest exists)
[17:37:27] SKIP t2192-phaseA-conc1-03 (harvest exists)
[17:37:27] SKIP t2192-phaseA-conc2-03 (harvest exists)
[17:37:27] SKIP t2192-phaseA-arg1-06 (harvest exists)
[17:37:27] SKIP t2192-phaseA-arg4-06 (harvest exists)
[17:37:27] SKIP t2192-phaseA-conf1-04 (harvest exists)
[17:37:27] SKIP t2192-phaseA-conf3-04 (harvest exists)
[17:37:27] SKIP t2192-phaseA-conc1-04 (harvest exists)
[17:37:27] SKIP t2192-phaseA-conc2-04 (harvest exists)
[17:37:27] START 23/30 t2192-phaseA-conf1-05 (conf1,arg2,conc1)
[17:53:17] START Phase-A: 30 new runs. WT=C:\tmp\wt-t2192-phaseA OUT=C:\tmp\t2192-phaseA-out
[17:53:17] ISOLATION test = debate_id membership in MAIN logs (line-count delta is confounded by other agents' concurrent debates on this shared machine — t/2192 smoke 2026-08-07).
[17:53:17] SKIP t2192-phaseA-conf1-01 (harvest exists)
[17:53:17] SKIP t2192-phaseA-conf3-01 (harvest exists)
[17:53:17] SKIP t2192-phaseA-conc1-01 (harvest exists)
[17:53:17] SKIP t2192-phaseA-conc2-01 (harvest exists)
[17:53:17] SKIP t2192-phaseA-arg1-04 (harvest exists)
[17:53:17] SKIP t2192-phaseA-arg4-04 (harvest exists)
[17:53:17] SKIP t2192-phaseA-conf1-02 (harvest exists)
[17:53:17] SKIP t2192-phaseA-conf3-02 (harvest exists)
[17:53:17] SKIP t2192-phaseA-conc1-02 (harvest exists)
[17:53:17] SKIP t2192-phaseA-conc2-02 (harvest exists)
[17:53:17] SKIP t2192-phaseA-arg1-05 (harvest exists)
[17:53:17] SKIP t2192-phaseA-arg4-05 (harvest exists)
[17:53:17] SKIP t2192-phaseA-conf1-03 (harvest exists)
[17:53:17] SKIP t2192-phaseA-conf3-03 (harvest exists)
[17:53:17] SKIP t2192-phaseA-conc1-03 (harvest exists)
[17:53:17] SKIP t2192-phaseA-conc2-03 (harvest exists)
[17:53:17] SKIP t2192-phaseA-arg1-06 (harvest exists)
[17:53:17] SKIP t2192-phaseA-arg4-06 (harvest exists)
[17:53:17] SKIP t2192-phaseA-conf1-04 (harvest exists)
[17:53:17] SKIP t2192-phaseA-conf3-04 (harvest exists)
[17:53:17] SKIP t2192-phaseA-conc1-04 (harvest exists)
[17:53:17] SKIP t2192-phaseA-conc2-04 (harvest exists)
[17:53:17] START 23/30 t2192-phaseA-conf1-05 (conf1,arg2,conc1)
[18:01:24] OK   t2192-phaseA-conf1-05 in 486s
[18:01:24] ISOLATION check after cell 1 (id=8324b401-6f7a-4aa6-9252-5ee807052879): MY-id rows in main logs = 0
[18:01:24] ISOLATION CONFIRMED: cell-1 rows stayed in the isolated outputDir. Proceeding.
[18:01:24] START 24/30 t2192-phaseA-conf3-05 (conf3,arg2,conc1)
[18:07:05] FAIL t2192-phaseA-conf3-05 in 341s
[18:07:05] START 25/30 t2192-phaseA-conc1-05 (conf2,arg2,conc1)
[18:09:43] START Phase-A: 30 new runs. WT=C:\tmp\wt-t2192-phaseA OUT=C:\tmp\t2192-phaseA-out
[18:09:43] ISOLATION test = debate_id membership in MAIN logs (line-count delta is confounded by other agents' concurrent debates on this shared machine — t/2192 smoke 2026-08-07).
[18:09:43] SKIP t2192-phaseA-conf1-01 (harvest exists)
[18:09:43] SKIP t2192-phaseA-conf3-01 (harvest exists)
[18:09:43] SKIP t2192-phaseA-conc1-01 (harvest exists)
[18:09:43] SKIP t2192-phaseA-conc2-01 (harvest exists)
[18:09:43] SKIP t2192-phaseA-arg1-04 (harvest exists)
[18:09:43] SKIP t2192-phaseA-arg4-04 (harvest exists)
[18:09:43] SKIP t2192-phaseA-conf1-02 (harvest exists)
[18:09:43] SKIP t2192-phaseA-conf3-02 (harvest exists)
[18:09:43] SKIP t2192-phaseA-conc1-02 (harvest exists)
[18:09:43] SKIP t2192-phaseA-conc2-02 (harvest exists)
[18:09:43] SKIP t2192-phaseA-arg1-05 (harvest exists)
[18:09:43] SKIP t2192-phaseA-arg4-05 (harvest exists)
[18:09:43] SKIP t2192-phaseA-conf1-03 (harvest exists)
[18:09:43] SKIP t2192-phaseA-conf3-03 (harvest exists)
[18:09:43] SKIP t2192-phaseA-conc1-03 (harvest exists)
[18:09:43] SKIP t2192-phaseA-conc2-03 (harvest exists)
[18:09:43] SKIP t2192-phaseA-arg1-06 (harvest exists)
[18:09:43] SKIP t2192-phaseA-arg4-06 (harvest exists)
[18:09:43] SKIP t2192-phaseA-conf1-04 (harvest exists)
[18:09:43] SKIP t2192-phaseA-conf3-04 (harvest exists)
[18:09:43] SKIP t2192-phaseA-conc1-04 (harvest exists)
[18:09:43] SKIP t2192-phaseA-conc2-04 (harvest exists)
[18:09:43] SKIP t2192-phaseA-conf1-05 (harvest exists)
[18:09:43] START 24/30 t2192-phaseA-conf3-05 (conf3,arg2,conc1)
[18:10:44] FAIL t2192-phaseA-conf3-05 in 61s
[18:10:44] START 25/30 t2192-phaseA-conc1-05 (conf2,arg2,conc1)
[18:25:32] START Phase-A: 30 new runs. WT=C:\tmp\wt-t2192-phaseA OUT=C:\tmp\t2192-phaseA-out
[18:25:32] ISOLATION test = debate_id membership in MAIN logs (line-count delta is confounded by other agents' concurrent debates on this shared machine — t/2192 smoke 2026-08-07).
[18:25:32] SKIP t2192-phaseA-conf1-01 (harvest exists)
[18:25:32] SKIP t2192-phaseA-conf3-01 (harvest exists)
[18:25:32] SKIP t2192-phaseA-conc1-01 (harvest exists)
[18:25:32] SKIP t2192-phaseA-conc2-01 (harvest exists)
[18:25:32] SKIP t2192-phaseA-arg1-04 (harvest exists)
[18:25:32] SKIP t2192-phaseA-arg4-04 (harvest exists)
[18:25:32] SKIP t2192-phaseA-conf1-02 (harvest exists)
[18:25:32] SKIP t2192-phaseA-conf3-02 (harvest exists)
[18:25:32] SKIP t2192-phaseA-conc1-02 (harvest exists)
[18:25:32] SKIP t2192-phaseA-conc2-02 (harvest exists)
[18:25:32] SKIP t2192-phaseA-arg1-05 (harvest exists)
[18:25:32] SKIP t2192-phaseA-arg4-05 (harvest exists)
[18:25:32] SKIP t2192-phaseA-conf1-03 (harvest exists)
[18:25:32] SKIP t2192-phaseA-conf3-03 (harvest exists)
[18:25:32] SKIP t2192-phaseA-conc1-03 (harvest exists)
[18:25:32] SKIP t2192-phaseA-conc2-03 (harvest exists)
[18:25:32] SKIP t2192-phaseA-arg1-06 (harvest exists)
[18:25:32] SKIP t2192-phaseA-arg4-06 (harvest exists)
[18:25:32] SKIP t2192-phaseA-conf1-04 (harvest exists)
[18:25:32] SKIP t2192-phaseA-conf3-04 (harvest exists)
[18:25:32] SKIP t2192-phaseA-conc1-04 (harvest exists)
[18:25:32] SKIP t2192-phaseA-conc2-04 (harvest exists)
[18:25:32] SKIP t2192-phaseA-conf1-05 (harvest exists)
[18:25:32] START 24/30 t2192-phaseA-conf3-05 (conf3,arg2,conc1)
[18:31:56] START Phase-A: 30 new runs. WT=C:\tmp\wt-t2192-phaseA OUT=C:\tmp\t2192-phaseA-out
[18:31:56] ISOLATION test = debate_id membership in MAIN logs (line-count delta is confounded by other agents' concurrent debates on this shared machine — t/2192 smoke 2026-08-07).
[18:31:56] SKIP t2192-phaseA-conf1-01 (harvest exists)
[18:31:56] SKIP t2192-phaseA-conf3-01 (harvest exists)
[18:31:56] SKIP t2192-phaseA-conc1-01 (harvest exists)
[18:31:56] SKIP t2192-phaseA-conc2-01 (harvest exists)
[18:31:56] SKIP t2192-phaseA-arg1-04 (harvest exists)
[18:31:56] SKIP t2192-phaseA-arg4-04 (harvest exists)
[18:31:56] SKIP t2192-phaseA-conf1-02 (harvest exists)
[18:31:56] SKIP t2192-phaseA-conf3-02 (harvest exists)
[18:31:56] SKIP t2192-phaseA-conc1-02 (harvest exists)
[18:31:56] SKIP t2192-phaseA-conc2-02 (harvest exists)
[18:31:56] SKIP t2192-phaseA-arg1-05 (harvest exists)
[18:31:56] SKIP t2192-phaseA-arg4-05 (harvest exists)
[18:31:56] SKIP t2192-phaseA-conf1-03 (harvest exists)
[18:31:56] SKIP t2192-phaseA-conf3-03 (harvest exists)
[18:31:56] SKIP t2192-phaseA-conc1-03 (harvest exists)
[18:31:56] SKIP t2192-phaseA-conc2-03 (harvest exists)
[18:31:56] SKIP t2192-phaseA-arg1-06 (harvest exists)
[18:31:56] SKIP t2192-phaseA-arg4-06 (harvest exists)
[18:31:56] SKIP t2192-phaseA-conf1-04 (harvest exists)
[18:31:56] SKIP t2192-phaseA-conf3-04 (harvest exists)
[18:31:56] SKIP t2192-phaseA-conc1-04 (harvest exists)
[18:31:56] SKIP t2192-phaseA-conc2-04 (harvest exists)
[18:31:56] SKIP t2192-phaseA-conf1-05 (harvest exists)
[18:31:56] START 24/30 t2192-phaseA-conf3-05 (conf3,arg2,conc1)
[18:37:29] START Phase-A: 30 new runs. WT=C:\tmp\wt-t2192-phaseA OUT=C:\tmp\t2192-phaseA-out
[18:37:29] ISOLATION test = debate_id membership in MAIN logs (line-count delta is confounded by other agents' concurrent debates on this shared machine — t/2192 smoke 2026-08-07).
[18:37:29] SKIP t2192-phaseA-conf1-01 (harvest exists)
[18:37:29] SKIP t2192-phaseA-conf3-01 (harvest exists)
[18:37:29] SKIP t2192-phaseA-conc1-01 (harvest exists)
[18:37:29] SKIP t2192-phaseA-conc2-01 (harvest exists)
[18:37:29] SKIP t2192-phaseA-arg1-04 (harvest exists)
[18:37:29] SKIP t2192-phaseA-arg4-04 (harvest exists)
[18:37:29] SKIP t2192-phaseA-conf1-02 (harvest exists)
[18:37:29] SKIP t2192-phaseA-conf3-02 (harvest exists)
[18:37:29] SKIP t2192-phaseA-conc1-02 (harvest exists)
[18:37:29] SKIP t2192-phaseA-conc2-02 (harvest exists)
[18:37:29] SKIP t2192-phaseA-arg1-05 (harvest exists)
[18:37:29] SKIP t2192-phaseA-arg4-05 (harvest exists)
[18:37:29] SKIP t2192-phaseA-conf1-03 (harvest exists)
[18:37:29] SKIP t2192-phaseA-conf3-03 (harvest exists)
[18:37:29] SKIP t2192-phaseA-conc1-03 (harvest exists)
[18:37:29] SKIP t2192-phaseA-conc2-03 (harvest exists)
[18:37:29] SKIP t2192-phaseA-arg1-06 (harvest exists)
[18:37:29] SKIP t2192-phaseA-arg4-06 (harvest exists)
[18:37:29] SKIP t2192-phaseA-conf1-04 (harvest exists)
[18:37:29] SKIP t2192-phaseA-conf3-04 (harvest exists)
[18:37:29] SKIP t2192-phaseA-conc1-04 (harvest exists)
[18:37:29] SKIP t2192-phaseA-conc2-04 (harvest exists)
[18:37:29] SKIP t2192-phaseA-conf1-05 (harvest exists)
[18:37:29] START 24/30 t2192-phaseA-conf3-05 (conf3,arg2,conc1)
[18:47:30] OK   t2192-phaseA-conf3-05 in 601s
[18:47:31] ISOLATION check after cell 1 (id=d85c305f-3135-414d-b520-934f5bcf4d5e): MY-id rows in main logs = 0
[18:47:31] ISOLATION CONFIRMED: cell-1 rows stayed in the isolated outputDir. Proceeding.
[18:47:31] SKIP t2192-phaseA-conc1-05 (harvest exists)
[18:47:31] START 26/30 t2192-phaseA-conc2-05 (conf2,arg2,conc2)
[18:56:39] OK   t2192-phaseA-conc2-05 in 549s
[18:56:39] START 27/30 t2192-phaseA-conf1-06 (conf1,arg2,conc1)
[19:04:42] OK   t2192-phaseA-conf1-06 in 483s
[19:04:42] START 28/30 t2192-phaseA-conf3-06 (conf3,arg2,conc1)
[19:12:07] START Phase-A: 30 new runs. WT=C:\tmp\wt-t2192-phaseA OUT=C:\tmp\t2192-phaseA-out
[19:12:07] ISOLATION test = debate_id membership in MAIN logs (line-count delta is confounded by other agents' concurrent debates on this shared machine — t/2192 smoke 2026-08-07).
[19:12:07] SKIP t2192-phaseA-conf1-01 (harvest exists)
[19:12:07] SKIP t2192-phaseA-conf3-01 (harvest exists)
[19:12:07] SKIP t2192-phaseA-conc1-01 (harvest exists)
[19:12:07] SKIP t2192-phaseA-conc2-01 (harvest exists)
[19:12:07] SKIP t2192-phaseA-arg1-04 (harvest exists)
[19:12:07] SKIP t2192-phaseA-arg4-04 (harvest exists)
[19:12:07] SKIP t2192-phaseA-conf1-02 (harvest exists)
[19:12:07] SKIP t2192-phaseA-conf3-02 (harvest exists)
[19:12:07] SKIP t2192-phaseA-conc1-02 (harvest exists)
[19:12:07] SKIP t2192-phaseA-conc2-02 (harvest exists)
[19:12:07] SKIP t2192-phaseA-arg1-05 (harvest exists)
[19:12:07] SKIP t2192-phaseA-arg4-05 (harvest exists)
[19:12:07] SKIP t2192-phaseA-conf1-03 (harvest exists)
[19:12:07] SKIP t2192-phaseA-conf3-03 (harvest exists)
[19:12:07] SKIP t2192-phaseA-conc1-03 (harvest exists)
[19:12:07] SKIP t2192-phaseA-conc2-03 (harvest exists)
[19:12:07] SKIP t2192-phaseA-arg1-06 (harvest exists)
[19:12:07] SKIP t2192-phaseA-arg4-06 (harvest exists)
[19:12:07] SKIP t2192-phaseA-conf1-04 (harvest exists)
[19:12:07] SKIP t2192-phaseA-conf3-04 (harvest exists)
[19:12:07] SKIP t2192-phaseA-conc1-04 (harvest exists)
[19:12:07] SKIP t2192-phaseA-conc2-04 (harvest exists)
[19:12:07] SKIP t2192-phaseA-conf1-05 (harvest exists)
[19:12:07] SKIP t2192-phaseA-conf3-05 (harvest exists)
[19:12:07] SKIP t2192-phaseA-conc1-05 (harvest exists)
[19:12:07] SKIP t2192-phaseA-conc2-05 (harvest exists)
[19:12:07] SKIP t2192-phaseA-conf1-06 (harvest exists)
[19:12:07] START 28/30 t2192-phaseA-conf3-06 (conf3,arg2,conc1)
[19:20:16] START Phase-A: 30 new runs. WT=C:\tmp\wt-t2192-phaseA OUT=C:\tmp\t2192-phaseA-out
[19:20:16] ISOLATION test = debate_id membership in MAIN logs (line-count delta is confounded by other agents' concurrent debates on this shared machine — t/2192 smoke 2026-08-07).
[19:20:16] SKIP t2192-phaseA-conf1-01 (harvest exists)
[19:20:16] SKIP t2192-phaseA-conf3-01 (harvest exists)
[19:20:16] SKIP t2192-phaseA-conc1-01 (harvest exists)
[19:20:16] SKIP t2192-phaseA-conc2-01 (harvest exists)
[19:20:16] SKIP t2192-phaseA-arg1-04 (harvest exists)
[19:20:16] SKIP t2192-phaseA-arg4-04 (harvest exists)
[19:20:16] SKIP t2192-phaseA-conf1-02 (harvest exists)
[19:20:16] SKIP t2192-phaseA-conf3-02 (harvest exists)
[19:20:16] SKIP t2192-phaseA-conc1-02 (harvest exists)
[19:20:16] SKIP t2192-phaseA-conc2-02 (harvest exists)
[19:20:16] SKIP t2192-phaseA-arg1-05 (harvest exists)
[19:20:16] SKIP t2192-phaseA-arg4-05 (harvest exists)
[19:20:16] SKIP t2192-phaseA-conf1-03 (harvest exists)
[19:20:16] SKIP t2192-phaseA-conf3-03 (harvest exists)
[19:20:16] SKIP t2192-phaseA-conc1-03 (harvest exists)
[19:20:16] SKIP t2192-phaseA-conc2-03 (harvest exists)
[19:20:16] SKIP t2192-phaseA-arg1-06 (harvest exists)
[19:20:16] SKIP t2192-phaseA-arg4-06 (harvest exists)
[19:20:16] SKIP t2192-phaseA-conf1-04 (harvest exists)
[19:20:16] SKIP t2192-phaseA-conf3-04 (harvest exists)
[19:20:16] SKIP t2192-phaseA-conc1-04 (harvest exists)
[19:20:16] SKIP t2192-phaseA-conc2-04 (harvest exists)
[19:20:16] SKIP t2192-phaseA-conf1-05 (harvest exists)
[19:20:16] SKIP t2192-phaseA-conf3-05 (harvest exists)
[19:20:16] SKIP t2192-phaseA-conc1-05 (harvest exists)
[19:20:16] SKIP t2192-phaseA-conc2-05 (harvest exists)
[19:20:16] SKIP t2192-phaseA-conf1-06 (harvest exists)
[19:20:16] START 28/30 t2192-phaseA-conf3-06 (conf3,arg2,conc1)
[19:35:14] START Phase-A: 30 new runs. WT=C:\tmp\wt-t2192-phaseA OUT=C:\tmp\t2192-phaseA-out
[19:35:14] ISOLATION test = debate_id membership in MAIN logs (line-count delta is confounded by other agents' concurrent debates on this shared machine — t/2192 smoke 2026-08-07).
[19:35:14] SKIP t2192-phaseA-conf1-01 (harvest exists)
[19:35:14] SKIP t2192-phaseA-conf3-01 (harvest exists)
[19:35:14] SKIP t2192-phaseA-conc1-01 (harvest exists)
[19:35:14] SKIP t2192-phaseA-conc2-01 (harvest exists)
[19:35:14] SKIP t2192-phaseA-arg1-04 (harvest exists)
[19:35:14] SKIP t2192-phaseA-arg4-04 (harvest exists)
[19:35:14] SKIP t2192-phaseA-conf1-02 (harvest exists)
[19:35:14] SKIP t2192-phaseA-conf3-02 (harvest exists)
[19:35:14] SKIP t2192-phaseA-conc1-02 (harvest exists)
[19:35:14] SKIP t2192-phaseA-conc2-02 (harvest exists)
[19:35:14] SKIP t2192-phaseA-arg1-05 (harvest exists)
[19:35:14] SKIP t2192-phaseA-arg4-05 (harvest exists)
[19:35:14] SKIP t2192-phaseA-conf1-03 (harvest exists)
[19:35:14] SKIP t2192-phaseA-conf3-03 (harvest exists)
[19:35:14] SKIP t2192-phaseA-conc1-03 (harvest exists)
[19:35:14] SKIP t2192-phaseA-conc2-03 (harvest exists)
[19:35:14] SKIP t2192-phaseA-arg1-06 (harvest exists)
[19:35:14] SKIP t2192-phaseA-arg4-06 (harvest exists)
[19:35:14] SKIP t2192-phaseA-conf1-04 (harvest exists)
[19:35:14] SKIP t2192-phaseA-conf3-04 (harvest exists)
[19:35:14] SKIP t2192-phaseA-conc1-04 (harvest exists)
[19:35:14] SKIP t2192-phaseA-conc2-04 (harvest exists)
[19:35:14] SKIP t2192-phaseA-conf1-05 (harvest exists)
[19:35:14] SKIP t2192-phaseA-conf3-05 (harvest exists)
[19:35:14] SKIP t2192-phaseA-conc1-05 (harvest exists)
[19:35:14] SKIP t2192-phaseA-conc2-05 (harvest exists)
[19:35:14] SKIP t2192-phaseA-conf1-06 (harvest exists)
[19:35:14] START 28/30 t2192-phaseA-conf3-06 (conf3,arg2,conc1)
[19:44:52] OK   t2192-phaseA-conf3-06 in 577s
[19:44:52] ISOLATION check after cell 1 (id=ce6377c2-79e0-4e09-9e44-a5aebadc2b9c): MY-id rows in main logs = 0
[19:44:52] ISOLATION CONFIRMED: cell-1 rows stayed in the isolated outputDir. Proceeding.
[19:44:52] START 29/30 t2192-phaseA-conc1-06 (conf2,arg2,conc1)
[19:53:30] OK   t2192-phaseA-conc1-06 in 518s
[19:53:30] START 30/30 t2192-phaseA-conc2-06 (conf2,arg2,conc2)
[20:03:16] OK   t2192-phaseA-conc2-06 in 586s
[20:03:16] DONE ok=30 fail=0
[20:03:19] FINAL ISOLATION: 30 batch ids checked; MY-id rows in main logs = 0 (CLEAN — isolation held)
[20:03:19] Phase-A runner exit.
