// Vitest Snapshot v1, https://vitest.dev/guide/snapshot.html

exports[`server.ts route table (t/1295 — zero-behaviour-change guard) > ordered route table (informational — expected to change as clusters move) 1`] = `
[
  "GET /third-party-notices",
  "GET /healthz",
  "GET /health",
  "GET /llms.txt",
  "GET /api/taxonomy-dirs",
  "GET /api/taxonomy-dir/active",
  "PUT /api/taxonomy-dir/active",
  "GET /api/taxonomy/synthetic-embeddings",
  "GET /api/taxonomy/synthetic/:pov",
  "GET /api/taxonomy/:pov",
  "PUT /api/taxonomy/:pov",
  "GET /api/taxonomy/:pov/node/:nodeId/history",
  "GET /api/conflicts",
  "GET /api/conflicts/clusters",
  "GET /api/cruxes",
  "PUT /api/conflicts/:id",
  "POST /api/conflicts/:id",
  "DELETE /api/conflicts/:id",
  "GET /api/policy-registry",
  "GET /api/organizations",
  "GET /api/organizations/by-pov/:pov",
  "GET /api/organizations/by-topic/:topicRef",
  "GET /api/organizations/by-policy/:policyId",
  "GET /api/organizations/:id",
  "GET /api/lineage-categories",
  "GET /api/lineage-info",
  "GET /api/edges",
  "GET /api/edges/:index",
  "PUT /api/edges/status",
  "PUT /api/edges/swap",
  "PUT /api/edges/bulk-status",
  "GET /api/node-source-index",
  "GET /api/policy-source-index",
  "GET /api/data/available",
  "GET /api/flags",
  "GET /api/admin/flags",
  "PUT /api/admin/flags/:name",
  "DELETE /api/admin/flags/:name",
  "POST /api/admin/rotate-keys",
  "POST /api/admin/flight-recorder/dump",
  "GET /api/admin/submissions",
  "POST /api/admin/submissions/:id/approve",
  "POST /api/admin/submissions/:id/reject",
  "GET /api/admin/calibration/pending",
  "POST /api/admin/calibration/promote",
  "POST /api/admin/calibration/reject",
  "GET /api/admin/config",
  "PUT /api/admin/config",
  "POST /api/admin/config/reload",
  "GET /api/admin/config/diff",
  "GET /api/admin/paid-fallback-key",
  "POST /api/admin/paid-fallback-key",
  "DELETE /api/admin/paid-fallback-key",
  "GET /api/admin/review/queue",
  "GET /api/admin/review/stats",
  "GET /api/admin/review/detail/:groupId",
  "POST /api/admin/review/action",
  "POST /api/admin/feedback",
  "GET /api/admin/feedback",
  "POST /api/admin/errors",
  "GET /api/admin/health",
  "GET /api/admin/errors",
  "GET /api/admin/errors/summary",
  "GET /api/admin/errors/:id",
  "GET /api/admin/support/cases",
  "POST /api/admin/support/cases/:id/respond",
  "PUT /api/admin/support/cases/:id/status",
  "GET /api/admin/rollback/status",
  "POST /api/admin/telemetry",
  "GET /api/admin/telemetry/summary",
  "GET /api/data/root",
  "POST /api/data/set-root",
  "POST /api/data/clone",
  "POST /api/data/check-updates",
  "POST /api/data/pull",
  "GET /api/models",
  "POST /api/models/refresh",
  "GET /api/keys/has",
  "GET /api/auth/logout",
  "GET /api/auth/fresh-login/:provider",
  "POST /api/keys",
  "POST /api/keys/validate",
  "POST /api/keys/delete",
  "POST /api/keys/delete-all",
  "GET /api/keys/:backend",
  "POST /api/keys/:backend/add",
  "DELETE /api/keys/:backend/:index",
  "POST /api/ai/generate",
  "POST /api/ai/search",
  "GET /api/backends/available",
  "GET /api/proxy/tier",
  "GET /api/proxy/usage",
  "POST /api/ai/temperature",
  "POST /api/embeddings/compute",
  "POST /api/embeddings/query",
  "POST /api/embeddings/update-nodes",
  "POST /api/nli/classify",
  "GET /api/debates",
  "GET /api/debates/list",
  "GET /api/debates/:id",
  "PUT /api/debates",
  "DELETE /api/debates/:id",
  "GET /api/debates/:id/comments",
  "PUT /api/debates/:id/comments",
  "POST /api/debates/export",
  "POST /api/debates/:id/news-report",
  "GET /api/calibration/log",
  "GET /api/calibration/history",
  "POST /api/flight-recorder/dump",
  "POST /api/flight-recorder/server-dump",
  "GET /api/flight-recorder/download-merged/:dumpId",
  "GET /api/flight-recorder/list",
  "GET /api/flight-recorder/download/:filename",
  "GET /api/flight-recorder/view/:filename",
  "GET /api/chats",
  "GET /api/chats/:id",
  "PUT /api/chats",
  "DELETE /api/chats/:id",
  "DELETE /api/community/:type/:id",
  "GET /api/community/chats",
  "GET /api/community/chats/:id",
  "GET /api/community/debates",
  "GET /api/community/debates/:id",
  "POST /api/community/submit",
  "POST /api/community/copy",
  "GET /api/config/client",
  "POST /api/support/cases",
  "GET /api/support/cases",
  "GET /api/support/cases/:id",
  "POST /api/support/cases/:id/attachments",
  "GET /api/support/cases/:id/attachments/:aid",
  "POST /api/harvest/conflict",
  "POST /api/harvest/debate-ref",
  "POST /api/harvest/steelman",
  "POST /api/harvest/verdict",
  "POST /api/harvest/concept",
  "POST /api/harvest/manifest",
  "GET /api/sources",
  "GET /api/summaries/:docId",
  "GET /api/snapshots/:sourceId",
  "GET /api/source-documents/:docId",
  "GET /api/source-documents/:docId/file",
  "GET /api/dictionary",
  "GET /api/source-evidence-index",
  "GET /api/doc-titles",
  "POST /api/source-evidence",
  "POST /api/evidence-qbaf",
  "GET /api/proposals",
  "PUT /api/proposals/:filename",
  "GET /api/ps-prompts",
  "GET /api/ps-prompts/:name",
  "POST /api/fetch-url",
  "POST /api/upload-document",
  "POST /api/sync/credentials",
  "GET /api/sync/status",
  "GET /api/sync/diagnostics",
  "GET /api/sync/unsynced",
  "GET /api/sync/diff",
  "GET /api/sync/node-diff",
  "GET /api/sync/node-conflicts",
  "POST /api/sync/discard",
  "POST /api/sync/commit",
  "POST /api/sync/create-pr",
  "POST /api/sync/resync",
  "GET /api/sync/rebase-state",
  "GET /api/sync/rebase-file",
  "POST /api/sync/rebase/resolve",
  "POST /api/sync/rebase/continue",
  "POST /api/sync/rebase/abort",
  "POST /api/sync/webhook/github",
  "GET /api/auth/me",
  "GET /api/user/profile",
  "POST /api/analytics/event",
  "POST /api/diagnostics/sw-state",
  "GET /api/analytics/query",
  "POST /focus-node",
  "POST /debug/events",
]
`;

exports[`server.ts route table (t/1295 — zero-behaviour-change guard) > route set is unchanged 1`] = `
[
  "DELETE /api/admin/flags/:name",
  "DELETE /api/admin/paid-fallback-key",
  "DELETE /api/chats/:id",
  "DELETE /api/community/:type/:id",
  "DELETE /api/conflicts/:id",
  "DELETE /api/debates/:id",
  "DELETE /api/keys/:backend/:index",
  "GET /api/admin/calibration/pending",
  "GET /api/admin/config",
  "GET /api/admin/config/diff",
  "GET /api/admin/errors",
  "GET /api/admin/errors/:id",
  "GET /api/admin/errors/summary",
  "GET /api/admin/feedback",
  "GET /api/admin/flags",
  "GET /api/admin/health",
  "GET /api/admin/paid-fallback-key",
  "GET /api/admin/review/detail/:groupId",
  "GET /api/admin/review/queue",
  "GET /api/admin/review/stats",
  "GET /api/admin/rollback/status",
  "GET /api/admin/submissions",
  "GET /api/admin/support/cases",
  "GET /api/admin/telemetry/summary",
  "GET /api/analytics/query",
  "GET /api/auth/fresh-login/:provider",
  "GET /api/auth/logout",
  "GET /api/auth/me",
  "GET /api/backends/available",
  "GET /api/calibration/history",
  "GET /api/calibration/log",
  "GET /api/chats",
  "GET /api/chats/:id",
  "GET /api/community/chats",
  "GET /api/community/chats/:id",
  "GET /api/community/debates",
  "GET /api/community/debates/:id",
  "GET /api/config/client",
  "GET /api/conflicts",
  "GET /api/conflicts/clusters",
  "GET /api/cruxes",
  "GET /api/data/available",
  "GET /api/data/root",
  "GET /api/debates",
  "GET /api/debates/:id",
  "GET /api/debates/:id/comments",
  "GET /api/debates/list",
  "GET /api/dictionary",
  "GET /api/doc-titles",
  "GET /api/edges",
  "GET /api/edges/:index",
  "GET /api/flags",
  "GET /api/flight-recorder/download-merged/:dumpId",
  "GET /api/flight-recorder/download/:filename",
  "GET /api/flight-recorder/list",
  "GET /api/flight-recorder/view/:filename",
  "GET /api/keys/:backend",
  "GET /api/keys/has",
  "GET /api/lineage-categories",
  "GET /api/lineage-info",
  "GET /api/models",
  "GET /api/node-source-index",
  "GET /api/organizations",
  "GET /api/organizations/:id",
  "GET /api/organizations/by-policy/:policyId",
  "GET /api/organizations/by-pov/:pov",
  "GET /api/organizations/by-topic/:topicRef",
  "GET /api/policy-registry",
  "GET /api/policy-source-index",
  "GET /api/proposals",
  "GET /api/proxy/tier",
  "GET /api/proxy/usage",
  "GET /api/ps-prompts",
  "GET /api/ps-prompts/:name",
  "GET /api/snapshots/:sourceId",
  "GET /api/source-documents/:docId",
  "GET /api/source-documents/:docId/file",
  "GET /api/source-evidence-index",
  "GET /api/sources",
  "GET /api/summaries/:docId",
  "GET /api/support/cases",
  "GET /api/support/cases/:id",
  "GET /api/support/cases/:id/attachments/:aid",
  "GET /api/sync/diagnostics",
  "GET /api/sync/diff",
  "GET /api/sync/node-conflicts",
  "GET /api/sync/node-diff",
  "GET /api/sync/rebase-file",
  "GET /api/sync/rebase-state",
  "GET /api/sync/status",
  "GET /api/sync/unsynced",
  "GET /api/taxonomy-dir/active",
  "GET /api/taxonomy-dirs",
  "GET /api/taxonomy/:pov",
  "GET /api/taxonomy/:pov/node/:nodeId/history",
  "GET /api/taxonomy/synthetic-embeddings",
  "GET /api/taxonomy/synthetic/:pov",
  "GET /api/user/profile",
  "GET /health",
  "GET /healthz",
  "GET /llms.txt",
  "GET /third-party-notices",
  "POST /api/admin/calibration/promote",
  "POST /api/admin/calibration/reject",
  "POST /api/admin/config/reload",
  "POST /api/admin/errors",
  "POST /api/admin/feedback",
  "POST /api/admin/flight-recorder/dump",
  "POST /api/admin/paid-fallback-key",
  "POST /api/admin/review/action",
  "POST /api/admin/rotate-keys",
  "POST /api/admin/submissions/:id/approve",
  "POST /api/admin/submissions/:id/reject",
  "POST /api/admin/support/cases/:id/respond",
  "POST /api/admin/telemetry",
  "POST /api/ai/generate",
  "POST /api/ai/search",
  "POST /api/ai/temperature",
  "POST /api/analytics/event",
  "POST /api/community/copy",
  "POST /api/community/submit",
  "POST /api/conflicts/:id",
  "POST /api/data/check-updates",
  "POST /api/data/clone",
  "POST /api/data/pull",
  "POST /api/data/set-root",
  "POST /api/debates/:id/news-report",
  "POST /api/debates/export",
  "POST /api/diagnostics/sw-state",
  "POST /api/embeddings/compute",
  "POST /api/embeddings/query",
  "POST /api/embeddings/update-nodes",
  "POST /api/evidence-qbaf",
  "POST /api/fetch-url",
  "POST /api/flight-recorder/dump",
  "POST /api/flight-recorder/server-dump",
  "POST /api/harvest/concept",
  "POST /api/harvest/conflict",
  "POST /api/harvest/debate-ref",
  "POST /api/harvest/manifest",
  "POST /api/harvest/steelman",
  "POST /api/harvest/verdict",
  "POST /api/keys",
  "POST /api/keys/:backend/add",
  "POST /api/keys/delete",
  "POST /api/keys/delete-all",
  "POST /api/keys/validate",
  "POST /api/models/refresh",
  "POST /api/nli/classify",
  "POST /api/source-evidence",
  "POST /api/support/cases",
  "POST /api/support/cases/:id/attachments",
  "POST /api/sync/commit",
  "POST /api/sync/create-pr",
  "POST /api/sync/credentials",
  "POST /api/sync/discard",
  "POST /api/sync/rebase/abort",
  "POST /api/sync/rebase/continue",
  "POST /api/sync/rebase/resolve",
  "POST /api/sync/resync",
  "POST /api/sync/webhook/github",
  "POST /api/upload-document",
  "POST /debug/events",
  "POST /focus-node",
  "PUT /api/admin/config",
  "PUT /api/admin/flags/:name",
  "PUT /api/admin/support/cases/:id/status",
  "PUT /api/chats",
  "PUT /api/conflicts/:id",
  "PUT /api/debates",
  "PUT /api/debates/:id/comments",
  "PUT /api/edges/bulk-status",
  "PUT /api/edges/status",
  "PUT /api/edges/swap",
  "PUT /api/proposals/:filename",
  "PUT /api/taxonomy-dir/active",
  "PUT /api/taxonomy/:pov",
]
`;

exports[`server.ts route table (t/1295 — zero-behaviour-change guard) > unifiable route pairs preserve registration order 1`] = `
[
  "GET /api/admin/errors/summary  ⟷  /api/admin/errors/:id  (first-registered wins)",
  "GET /api/debates/list  ⟷  /api/debates/:id  (first-registered wins)",
  "GET /api/keys/has  ⟷  /api/keys/:backend  (first-registered wins)",
  "GET /api/taxonomy/synthetic-embeddings  ⟷  /api/taxonomy/:pov  (first-registered wins)",
]
`;
