[onnxEmbedding] Using dml EP (available: cpu, dml, webgpu)
[doctrinal] safetyist: 3/140 Beliefs anchored, 3 floor-applied
[doctrinal] skeptic: 19/213 Beliefs anchored, 6 floor-applied
[onnxEmbedding] Model loaded in 40282ms (384d, quantized, EP=dml)
[ai-adapter] ONNX embedding ready — subprocess cold-starts eliminated
[orchestration] *** executeTurnWithRetry ENTERED for accelerationist round 1 ***
[pipeline] Citation bank built: 15 scoped / 421 full entries, path=bank-scrub (intended=B), 11ms
[pipeline] Micro-fix(specificity) diff-check failed — falling through to full retry
[pipeline] Draft validation feedback (attempt 0), retrying: my_claims are all abstract — include a number, named entity, or timeline. Use the source evidence if provided.
[pipeline] Draft field-level merge: froze statement, turn_symbols, commitment, position_update, regenerated claim_sketches
[orchestration] *** executeTurnWithRetry ENTERED for safetyist round 2 ***
[pipeline] Citation bank built: 15 scoped / 421 full entries, path=bank-scrub (intended=B), 10ms
[pipeline] Auto-split single paragraph into 3 paragraphs
[orchestration] *** executeTurnWithRetry ENTERED for skeptic round 3 ***
[pipeline] Brief ID removed (unknown): capture_institutional
[pipeline] Brief ID removed (unknown): fairness_procedural
[pipeline] Brief ID removed (unknown): documented_present_harm
[pipeline] Citation bank built: 15 scoped / 421 full entries, path=bank-scrub (intended=B), 6ms
{
  "success": true,
  "debateId": "0f4881a0-847b-4ed3-ad01-8488c528ea37",
  "name": "Is the precautionary principle appropriate for AI regulat...",
  "slug": "exp-topicres-binary",
  "topic": "Under what conditions, and through which mechanisms — burden-shifting, pre-deployment licensing, liability — does applying the precautionary principle to frontier AI prevent irreversible harm versus foreclosing unproven benefits, for regulators, developers, and affected publics? And is 'precaution vs. permission' even the right frame?",
  "files": {
    "debate": "C:\\Users\\jsnov\\repos\\ai-triad-data\\debates\\cli-runs\\exp-topicres-binary-debate.json",
    "transcript": "C:\\Users\\jsnov\\repos\\ai-triad-data\\debates\\cli-runs\\exp-topicres-binary-debate.json",
    "diagnostics": "C:\\Users\\jsnov\\repos\\ai-triad-data\\debates\\cli-runs\\exp-topicres-binary-diagnostics.json",
    "harvest": "C:\\Users\\jsnov\\repos\\ai-triad-data\\debates\\cli-runs\\exp-topicres-binary-harvest.json",
    "markdown": "C:\\Users\\jsnov\\repos\\ai-triad-data\\debates\\cli-runs\\exp-topicres-binary-debate.md"
  },
  "stats": {
    "rounds": 3,
    "entries": 21,
    "apiCalls": 67,
    "totalTimeMs": 1834852,
    "claimsAccepted": 27,
    "claimsRejected": 1
  }
}
