[onnxEmbedding] Using dml EP (available: cpu, dml, webgpu)
[doctrinal] safetyist: 3/140 Beliefs anchored, 3 floor-applied
[doctrinal] skeptic: 19/213 Beliefs anchored, 6 floor-applied
[onnxEmbedding] Model loaded in 38827ms (384d, quantized, EP=dml)
[ai-adapter] ONNX embedding ready — subprocess cold-starts eliminated
[orchestration] *** executeTurnWithRetry ENTERED for safetyist round 1 ***
[pipeline] Brief ID removed (unknown): risk_existential
[pipeline] Brief ID removed (unknown): deployment_gated
[pipeline] Brief ID removed (unknown): regulation_precautionary
[pipeline] Citation bank built: 15 scoped / 421 full entries, path=bank-scrub (intended=B), 10ms
[pipeline] Micro-fix(specificity) diff-check failed — falling through to full retry
[pipeline] Draft validation feedback (attempt 0), retrying: my_claims are all abstract — include a number, named entity, or timeline. Use the source evidence if provided.
[pipeline] Draft field-level merge: froze statement, turn_symbols, commitment, position_update, regenerated claim_sketches
[orchestration] *** executeTurnWithRetry ENTERED for accelerationist round 2 ***
[pipeline] Citation bank built: 15 scoped / 421 full entries, path=bank-scrub (intended=B), 9ms
[pipeline] Micro-fix(specificity) diff-check failed — falling through to full retry
[pipeline] Draft validation feedback (attempt 0), retrying: my_claims are all abstract — include a number, named entity, or timeline. Use the source evidence if provided.
[pipeline] Draft field-level merge: froze statement, turn_symbols, commitment, position_update, regenerated claim_sketches
[pipeline] Draft quality pre-check failed: Lacks specific data points or named entities to support technical claims.
[pipeline] Draft quality retry produced new draft
[orchestration] *** executeTurnWithRetry ENTERED for safetyist round 3 ***
[pipeline] Citation bank built: 15 scoped / 421 full entries, path=bank-scrub (intended=B), 8ms
[pipeline] Micro-fix(specificity) diff-check failed — falling through to full retry
[pipeline] Draft validation feedback (attempt 0), retrying: my_claims are all abstract — include a number, named entity, or timeline. Use the source evidence if provided.
[pipeline] Draft field-level merge: froze statement, turn_symbols, commitment, position_update, regenerated claim_sketches
{
  "success": true,
  "debateId": "6628ab5c-746f-4d1b-93c7-9fec9ada00e4",
  "name": "How should democratic nations govern frontier AI developm...",
  "slug": "exp-topicres-open",
  "topic": "Under what conditions would governance tools like mandatory pre-deployment evaluations, compute thresholds, and liability regimes actually reduce catastrophic AI risk without ceding the frontier to less cautious foreign or private actors? Given this tension between safety and competitiveness, how should the burden fall across regulators, frontier labs, and independent safety researchers?",
  "files": {
    "debate": "C:\\Users\\jsnov\\repos\\ai-triad-data\\debates\\cli-runs\\exp-topicres-open-debate.json",
    "transcript": "C:\\Users\\jsnov\\repos\\ai-triad-data\\debates\\cli-runs\\exp-topicres-open-debate.json",
    "diagnostics": "C:\\Users\\jsnov\\repos\\ai-triad-data\\debates\\cli-runs\\exp-topicres-open-diagnostics.json",
    "harvest": "C:\\Users\\jsnov\\repos\\ai-triad-data\\debates\\cli-runs\\exp-topicres-open-harvest.json",
    "markdown": "C:\\Users\\jsnov\\repos\\ai-triad-data\\debates\\cli-runs\\exp-topicres-open-debate.md"
  },
  "stats": {
    "rounds": 3,
    "entries": 20,
    "apiCalls": 73,
    "totalTimeMs": 1858217,
    "claimsAccepted": 32,
    "claimsRejected": 1
  }
}
